Component: ARM Compiler 5.06 update 6 (build 750) Tool: armlink [4d35ed]

==============================================================================

Section Cross References

    startup_stm32f767xx.o(RESET) refers to startup_stm32f767xx.o(STACK) for __initial_sp
    startup_stm32f767xx.o(RESET) refers to startup_stm32f767xx.o(.text) for Reset_Handler
    startup_stm32f767xx.o(RESET) refers to stm32f7xx_it.o(i.NMI_Handler) for NMI_Handler
    startup_stm32f767xx.o(RESET) refers to stm32f7xx_it.o(i.HardFault_Handler) for HardFault_Handler
    startup_stm32f767xx.o(RESET) refers to stm32f7xx_it.o(i.MemManage_Handler) for MemManage_Handler
    startup_stm32f767xx.o(RESET) refers to stm32f7xx_it.o(i.BusFault_Handler) for BusFault_Handler
    startup_stm32f767xx.o(RESET) refers to stm32f7xx_it.o(i.UsageFault_Handler) for UsageFault_Handler
    startup_stm32f767xx.o(RESET) refers to stm32f7xx_it.o(i.SVC_Handler) for SVC_Handler
    startup_stm32f767xx.o(RESET) refers to stm32f7xx_it.o(i.DebugMon_Handler) for DebugMon_Handler
    startup_stm32f767xx.o(RESET) refers to stm32f7xx_it.o(i.PendSV_Handler) for PendSV_Handler
    startup_stm32f767xx.o(RESET) refers to stm32f7xx_it.o(i.SysTick_Handler) for SysTick_Handler
    startup_stm32f767xx.o(RESET) refers to stm32f7xx_it.o(i.SPI1_IRQHandler) for SPI1_IRQHandler
    startup_stm32f767xx.o(RESET) refers to stm32f7xx_it.o(i.EXTI15_10_IRQHandler) for EXTI15_10_IRQHandler
    startup_stm32f767xx.o(.text) refers to system_stm32f7xx.o(i.SystemInit) for SystemInit
    startup_stm32f767xx.o(.text) refers to entry.o(.ARM.Collect$$$$00000000) for __main
    main.o(i.Configure_SPI) refers to main.o(i.LL_AHB1_GRP1_EnableClock) for LL_AHB1_GRP1_EnableClock
    main.o(i.Configure_SPI) refers to main.o(i.LL_GPIO_SetPinMode) for LL_GPIO_SetPinMode
    main.o(i.Configure_SPI) refers to main.o(i.LL_GPIO_SetAFPin_0_7) for LL_GPIO_SetAFPin_0_7
    main.o(i.Configure_SPI) refers to main.o(i.LL_GPIO_SetPinSpeed) for LL_GPIO_SetPinSpeed
    main.o(i.Configure_SPI) refers to main.o(i.LL_GPIO_SetPinPull) for LL_GPIO_SetPinPull
    main.o(i.Configure_SPI) refers to main.o(i.__NVIC_SetPriority) for __NVIC_SetPriority
    main.o(i.Configure_SPI) refers to main.o(i.__NVIC_EnableIRQ) for __NVIC_EnableIRQ
    main.o(i.Configure_SPI) refers to main.o(i.LL_APB2_GRP1_EnableClock) for LL_APB2_GRP1_EnableClock
    main.o(i.LED_Blinking) refers to stm32f7xx_ll_utils.o(i.LL_mDelay) for LL_mDelay
    main.o(i.LED_Init) refers to main.o(i.LL_AHB1_GRP1_EnableClock) for LL_AHB1_GRP1_EnableClock
    main.o(i.LED_Init) refers to main.o(i.LL_GPIO_SetPinMode) for LL_GPIO_SetPinMode
    main.o(i.SPI1_Rx_Callback) refers to main.o(i.Buffercmp8) for Buffercmp8
    main.o(i.SPI1_Rx_Callback) refers to main.o(.data) for .data
    main.o(i.SPI1_TransferError_Callback) refers to main.o(i.LED_Blinking) for LED_Blinking
    main.o(i.SPI1_Tx_Callback) refers to main.o(.data) for .data
    main.o(i.SystemClock_Config) refers to main.o(i.__NVIC_SetPriority) for __NVIC_SetPriority
    main.o(i.SystemClock_Config) refers to system_stm32f7xx.o(.data) for SystemCoreClock
    main.o(i.UserButton_Callback) refers to main.o(.data) for .data
    main.o(i.UserButton_Init) refers to main.o(i.LL_AHB1_GRP1_EnableClock) for LL_AHB1_GRP1_EnableClock
    main.o(i.UserButton_Init) refers to main.o(i.LL_GPIO_SetPinMode) for LL_GPIO_SetPinMode
    main.o(i.UserButton_Init) refers to main.o(i.LL_GPIO_SetPinPull) for LL_GPIO_SetPinPull
    main.o(i.UserButton_Init) refers to main.o(i.LL_GPIO_SetPinSpeed) for LL_GPIO_SetPinSpeed
    main.o(i.UserButton_Init) refers to main.o(i.LL_APB2_GRP1_EnableClock) for LL_APB2_GRP1_EnableClock
    main.o(i.UserButton_Init) refers to main.o(i.__NVIC_EnableIRQ) for __NVIC_EnableIRQ
    main.o(i.UserButton_Init) refers to main.o(i.__NVIC_SetPriority) for __NVIC_SetPriority
    main.o(i.WaitAndCheckEndOfTransfer) refers to stm32f7xx_ll_utils.o(i.LL_mDelay) for LL_mDelay
    main.o(i.WaitAndCheckEndOfTransfer) refers to main.o(i.Buffercmp8) for Buffercmp8
    main.o(i.WaitAndCheckEndOfTransfer) refers to main.o(i.LED_Blinking) for LED_Blinking
    main.o(i.WaitAndCheckEndOfTransfer) refers to main.o(.data) for .data
    main.o(i.WaitForUserButtonPress) refers to stm32f7xx_ll_utils.o(i.LL_mDelay) for LL_mDelay
    main.o(i.WaitForUserButtonPress) refers to main.o(i.LED_Off) for LED_Off
    main.o(i.WaitForUserButtonPress) refers to main.o(.data) for .data
    main.o(i.main) refers to main.o(i.CPU_CACHE_Enable) for CPU_CACHE_Enable
    main.o(i.main) refers to main.o(i.SystemClock_Config) for SystemClock_Config
    main.o(i.main) refers to main.o(i.LED_Init) for LED_Init
    main.o(i.main) refers to main.o(i.Configure_SPI) for Configure_SPI
    main.o(i.main) refers to main.o(i.UserButton_Init) for UserButton_Init
    main.o(i.main) refers to main.o(i.WaitForUserButtonPress) for WaitForUserButtonPress
    main.o(i.main) refers to main.o(i.Activate_SPI) for Activate_SPI
    main.o(i.main) refers to main.o(i.WaitAndCheckEndOfTransfer) for WaitAndCheckEndOfTransfer
    stm32f7xx_it.o(i.EXTI15_10_IRQHandler) refers to main.o(i.UserButton_Callback) for UserButton_Callback
    stm32f7xx_it.o(i.SPI1_IRQHandler) refers to main.o(i.SPI1_Rx_Callback) for SPI1_Rx_Callback
    stm32f7xx_it.o(i.SPI1_IRQHandler) refers to main.o(i.SPI1_Tx_Callback) for SPI1_Tx_Callback
    stm32f7xx_it.o(i.SPI1_IRQHandler) refers to main.o(i.SPI1_TransferError_Callback) for SPI1_TransferError_Callback
    stm32f7xx_ll_utils.o(i.LL_PLL_ConfigSystemClock_HSE) refers to stm32f7xx_ll_utils.o(i.UTILS_PLL_IsBusy) for UTILS_PLL_IsBusy
    stm32f7xx_ll_utils.o(i.LL_PLL_ConfigSystemClock_HSE) refers to stm32f7xx_ll_utils.o(i.UTILS_GetPLLOutputFrequency) for UTILS_GetPLLOutputFrequency
    stm32f7xx_ll_utils.o(i.LL_PLL_ConfigSystemClock_HSE) refers to stm32f7xx_ll_utils.o(i.LL_RCC_PLL_ConfigDomain_SYS) for LL_RCC_PLL_ConfigDomain_SYS
    stm32f7xx_ll_utils.o(i.LL_PLL_ConfigSystemClock_HSE) refers to stm32f7xx_ll_utils.o(i.UTILS_EnablePLLAndSwitchSystem) for UTILS_EnablePLLAndSwitchSystem
    stm32f7xx_ll_utils.o(i.LL_PLL_ConfigSystemClock_HSI) refers to stm32f7xx_ll_utils.o(i.UTILS_PLL_IsBusy) for UTILS_PLL_IsBusy
    stm32f7xx_ll_utils.o(i.LL_PLL_ConfigSystemClock_HSI) refers to stm32f7xx_ll_utils.o(i.UTILS_GetPLLOutputFrequency) for UTILS_GetPLLOutputFrequency
    stm32f7xx_ll_utils.o(i.LL_PLL_ConfigSystemClock_HSI) refers to stm32f7xx_ll_utils.o(i.LL_RCC_PLL_ConfigDomain_SYS) for LL_RCC_PLL_ConfigDomain_SYS
    stm32f7xx_ll_utils.o(i.LL_PLL_ConfigSystemClock_HSI) refers to stm32f7xx_ll_utils.o(i.UTILS_EnablePLLAndSwitchSystem) for UTILS_EnablePLLAndSwitchSystem
    stm32f7xx_ll_utils.o(i.LL_SetSystemCoreClock) refers to system_stm32f7xx.o(.data) for SystemCoreClock
    stm32f7xx_ll_utils.o(i.UTILS_EnablePLLAndSwitchSystem) refers to stm32f7xx_ll_utils.o(i.LL_SetFlashLatency) for LL_SetFlashLatency
    stm32f7xx_ll_utils.o(i.UTILS_EnablePLLAndSwitchSystem) refers to system_stm32f7xx.o(.data) for SystemCoreClock
    stm32f7xx_ll_utils.o(i.UTILS_EnablePLLAndSwitchSystem) refers to system_stm32f7xx.o(.constdata) for AHBPrescTable
    system_stm32f7xx.o(i.SystemCoreClockUpdate) refers to system_stm32f7xx.o(.data) for .data
    system_stm32f7xx.o(i.SystemCoreClockUpdate) refers to system_stm32f7xx.o(.constdata) for .constdata
    entry.o(.ARM.Collect$$$$00000000) refers (Special) to entry10a.o(.ARM.Collect$$$$0000000D) for __rt_final_cpp
    entry.o(.ARM.Collect$$$$00000000) refers (Special) to entry11a.o(.ARM.Collect$$$$0000000F) for __rt_final_exit
    entry.o(.ARM.Collect$$$$00000000) refers (Special) to entry7b.o(.ARM.Collect$$$$00000008) for _main_clock
    entry.o(.ARM.Collect$$$$00000000) refers (Special) to entry8b.o(.ARM.Collect$$$$0000000A) for _main_cpp_init
    entry.o(.ARM.Collect$$$$00000000) refers (Special) to entry9a.o(.ARM.Collect$$$$0000000B) for _main_init
    entry.o(.ARM.Collect$$$$00000000) refers (Special) to entry5.o(.ARM.Collect$$$$00000004) for _main_scatterload
    entry.o(.ARM.Collect$$$$00000000) refers (Special) to entry2.o(.ARM.Collect$$$$00000001) for _main_stk
    entry2.o(.ARM.Collect$$$$00000001) refers to entry2.o(.ARM.Collect$$$$00002712) for __lit__00000000
    entry2.o(.ARM.Collect$$$$00002712) refers to startup_stm32f767xx.o(STACK) for __initial_sp
    entry2.o(__vectab_stack_and_reset_area) refers to startup_stm32f767xx.o(STACK) for __initial_sp
    entry2.o(__vectab_stack_and_reset_area) refers to entry.o(.ARM.Collect$$$$00000000) for __main
    entry5.o(.ARM.Collect$$$$00000004) refers to init.o(.text) for __scatterload
    entry9a.o(.ARM.Collect$$$$0000000B) refers to main.o(i.main) for main
    entry9b.o(.ARM.Collect$$$$0000000C) refers to main.o(i.main) for main
    init.o(.text) refers to entry5.o(.ARM.Collect$$$$00000004) for __main_after_scatterload


==============================================================================

Removing Unused input sections from the image.

    Removing startup_stm32f767xx.o(HEAP), (512 bytes).
    Removing main.o(.rev16_text), (4 bytes).
    Removing main.o(.revsh_text), (4 bytes).
    Removing main.o(.rrx_text), (6 bytes).
    Removing main.o(i.LED_On), (12 bytes).
    Removing stm32f7xx_it.o(.rev16_text), (4 bytes).
    Removing stm32f7xx_it.o(.revsh_text), (4 bytes).
    Removing stm32f7xx_it.o(.rrx_text), (6 bytes).
    Removing stm32f7xx_ll_utils.o(.rev16_text), (4 bytes).
    Removing stm32f7xx_ll_utils.o(.revsh_text), (4 bytes).
    Removing stm32f7xx_ll_utils.o(.rrx_text), (6 bytes).
    Removing stm32f7xx_ll_utils.o(i.LL_Init1msTick), (26 bytes).
    Removing stm32f7xx_ll_utils.o(i.LL_PLL_ConfigSystemClock_HSE), (108 bytes).
    Removing stm32f7xx_ll_utils.o(i.LL_PLL_ConfigSystemClock_HSI), (84 bytes).
    Removing stm32f7xx_ll_utils.o(i.LL_RCC_PLL_ConfigDomain_SYS), (32 bytes).
    Removing stm32f7xx_ll_utils.o(i.LL_SetFlashLatency), (204 bytes).
    Removing stm32f7xx_ll_utils.o(i.LL_SetSystemCoreClock), (12 bytes).
    Removing stm32f7xx_ll_utils.o(i.UTILS_EnablePLLAndSwitchSystem), (152 bytes).
    Removing stm32f7xx_ll_utils.o(i.UTILS_GetPLLOutputFrequency), (34 bytes).
    Removing stm32f7xx_ll_utils.o(i.UTILS_PLL_IsBusy), (44 bytes).
    Removing system_stm32f7xx.o(.rev16_text), (4 bytes).
    Removing system_stm32f7xx.o(.revsh_text), (4 bytes).
    Removing system_stm32f7xx.o(.rrx_text), (6 bytes).
    Removing system_stm32f7xx.o(i.SystemCoreClockUpdate), (128 bytes).
    Removing system_stm32f7xx.o(.constdata), (16 bytes).
    Removing system_stm32f7xx.o(.constdata), (8 bytes).

26 unused section(s) (total 1428 bytes) removed from the image.

==============================================================================

Image Symbol Table

    Local Symbols

    Symbol Name                              Value     Ov Type        Size  Object(Section)

    ../Drivers/STM32F7xx_HAL_Driver/Src/stm32f7xx_ll_utils.c 0x00000000   Number         0  stm32f7xx_ll_utils.o ABSOLUTE
    ../Src/main.c                            0x00000000   Number         0  main.o ABSOLUTE
    ../Src/stm32f7xx_it.c                    0x00000000   Number         0  stm32f7xx_it.o ABSOLUTE
    ../Src/system_stm32f7xx.c                0x00000000   Number         0  system_stm32f7xx.o ABSOLUTE
    ../clib/microlib/init/entry.s            0x00000000   Number         0  entry.o ABSOLUTE
    ../clib/microlib/init/entry.s            0x00000000   Number         0  entry9a.o ABSOLUTE
    ../clib/microlib/init/entry.s            0x00000000   Number         0  entry2.o ABSOLUTE
    ../clib/microlib/init/entry.s            0x00000000   Number         0  entry5.o ABSOLUTE
    ../clib/microlib/init/entry.s            0x00000000   Number         0  entry10a.o ABSOLUTE
    ../clib/microlib/init/entry.s            0x00000000   Number         0  entry7a.o ABSOLUTE
    ../clib/microlib/init/entry.s            0x00000000   Number         0  entry11b.o ABSOLUTE
    ../clib/microlib/init/entry.s            0x00000000   Number         0  entry7b.o ABSOLUTE
    ../clib/microlib/init/entry.s            0x00000000   Number         0  entry11a.o ABSOLUTE
    ../clib/microlib/init/entry.s            0x00000000   Number         0  entry10b.o ABSOLUTE
    ../clib/microlib/init/entry.s            0x00000000   Number         0  entry8a.o ABSOLUTE
    ../clib/microlib/init/entry.s            0x00000000   Number         0  entry9b.o ABSOLUTE
    ../clib/microlib/init/entry.s            0x00000000   Number         0  entry8b.o ABSOLUTE
    ..\Drivers\STM32F7xx_HAL_Driver\Src\stm32f7xx_ll_utils.c 0x00000000   Number         0  stm32f7xx_ll_utils.o ABSOLUTE
    ..\Src\main.c                            0x00000000   Number         0  main.o ABSOLUTE
    ..\Src\stm32f7xx_it.c                    0x00000000   Number         0  stm32f7xx_it.o ABSOLUTE
    ..\Src\system_stm32f7xx.c                0x00000000   Number         0  system_stm32f7xx.o ABSOLUTE
    dc.s                                     0x00000000   Number         0  dc.o ABSOLUTE
    handlers.s                               0x00000000   Number         0  handlers.o ABSOLUTE
    init.s                                   0x00000000   Number         0  init.o ABSOLUTE
    startup_stm32f767xx.s                    0x00000000   Number         0  startup_stm32f767xx.o ABSOLUTE
    RESET                                    0x08000000   Section      504  startup_stm32f767xx.o(RESET)
    .ARM.Collect$$$$00000000                 0x080001f8   Section        0  entry.o(.ARM.Collect$$$$00000000)
    .ARM.Collect$$$$00000001                 0x080001f8   Section        4  entry2.o(.ARM.Collect$$$$00000001)
    .ARM.Collect$$$$00000004                 0x080001fc   Section        4  entry5.o(.ARM.Collect$$$$00000004)
    .ARM.Collect$$$$00000008                 0x08000200   Section        0  entry7b.o(.ARM.Collect$$$$00000008)
    .ARM.Collect$$$$0000000A                 0x08000200   Section        0  entry8b.o(.ARM.Collect$$$$0000000A)
    .ARM.Collect$$$$0000000B                 0x08000200   Section        8  entry9a.o(.ARM.Collect$$$$0000000B)
    .ARM.Collect$$$$0000000D                 0x08000208   Section        0  entry10a.o(.ARM.Collect$$$$0000000D)
    .ARM.Collect$$$$0000000F                 0x08000208   Section        0  entry11a.o(.ARM.Collect$$$$0000000F)
    .ARM.Collect$$$$00002712                 0x08000208   Section        4  entry2.o(.ARM.Collect$$$$00002712)
    __lit__00000000                          0x08000208   Data           4  entry2.o(.ARM.Collect$$$$00002712)
    .text                                    0x0800020c   Section       36  startup_stm32f767xx.o(.text)
    $v0                                      0x0800020c   Number         0  startup_stm32f767xx.o(.text)
    .text                                    0x08000230   Section       36  init.o(.text)
    i.Activate_SPI                           0x08000254   Section        0  main.o(i.Activate_SPI)
    i.Buffercmp8                             0x0800026c   Section        0  main.o(i.Buffercmp8)
    i.BusFault_Handler                       0x0800028a   Section        0  stm32f7xx_it.o(i.BusFault_Handler)
    i.CPU_CACHE_Enable                       0x0800028c   Section        0  main.o(i.CPU_CACHE_Enable)
    CPU_CACHE_Enable                         0x0800028d   Thumb Code   128  main.o(i.CPU_CACHE_Enable)
    i.Configure_SPI                          0x08000314   Section        0  main.o(i.Configure_SPI)
    i.DebugMon_Handler                       0x08000420   Section        0  stm32f7xx_it.o(i.DebugMon_Handler)
    i.EXTI15_10_IRQHandler                   0x08000424   Section        0  stm32f7xx_it.o(i.EXTI15_10_IRQHandler)
    i.HardFault_Handler                      0x0800043c   Section        0  stm32f7xx_it.o(i.HardFault_Handler)
    i.LED_Blinking                           0x08000440   Section        0  main.o(i.LED_Blinking)
    i.LED_Init                               0x08000460   Section        0  main.o(i.LED_Init)
    i.LED_Off                                0x0800047c   Section        0  main.o(i.LED_Off)
    i.LL_AHB1_GRP1_EnableClock               0x0800048c   Section        0  main.o(i.LL_AHB1_GRP1_EnableClock)
    LL_AHB1_GRP1_EnableClock                 0x0800048d   Thumb Code    18  main.o(i.LL_AHB1_GRP1_EnableClock)
    i.LL_APB2_GRP1_EnableClock               0x080004a4   Section        0  main.o(i.LL_APB2_GRP1_EnableClock)
    LL_APB2_GRP1_EnableClock                 0x080004a5   Thumb Code    18  main.o(i.LL_APB2_GRP1_EnableClock)
    i.LL_GPIO_SetAFPin_0_7                   0x080004bc   Section        0  main.o(i.LL_GPIO_SetAFPin_0_7)
    LL_GPIO_SetAFPin_0_7                     0x080004bd   Thumb Code    38  main.o(i.LL_GPIO_SetAFPin_0_7)
    i.LL_GPIO_SetPinMode                     0x080004e2   Section        0  main.o(i.LL_GPIO_SetPinMode)
    LL_GPIO_SetPinMode                       0x080004e3   Thumb Code    38  main.o(i.LL_GPIO_SetPinMode)
    i.LL_GPIO_SetPinPull                     0x08000508   Section        0  main.o(i.LL_GPIO_SetPinPull)
    LL_GPIO_SetPinPull                       0x08000509   Thumb Code    38  main.o(i.LL_GPIO_SetPinPull)
    i.LL_GPIO_SetPinSpeed                    0x0800052e   Section        0  main.o(i.LL_GPIO_SetPinSpeed)
    LL_GPIO_SetPinSpeed                      0x0800052f   Thumb Code    38  main.o(i.LL_GPIO_SetPinSpeed)
    i.LL_mDelay                              0x08000554   Section        0  stm32f7xx_ll_utils.o(i.LL_mDelay)
    i.MemManage_Handler                      0x08000572   Section        0  stm32f7xx_it.o(i.MemManage_Handler)
    i.NMI_Handler                            0x08000574   Section        0  stm32f7xx_it.o(i.NMI_Handler)
    i.PendSV_Handler                         0x08000576   Section        0  stm32f7xx_it.o(i.PendSV_Handler)
    i.SPI1_IRQHandler                        0x08000578   Section        0  stm32f7xx_it.o(i.SPI1_IRQHandler)
    i.SPI1_Rx_Callback                       0x080005a8   Section        0  main.o(i.SPI1_Rx_Callback)
    i.SPI1_TransferError_Callback            0x080005f4   Section        0  main.o(i.SPI1_TransferError_Callback)
    i.SPI1_Tx_Callback                       0x08000614   Section        0  main.o(i.SPI1_Tx_Callback)
    i.SVC_Handler                            0x08000630   Section        0  stm32f7xx_it.o(i.SVC_Handler)
    i.SysTick_Handler                        0x08000632   Section        0  stm32f7xx_it.o(i.SysTick_Handler)
    i.SystemClock_Config                     0x08000634   Section        0  main.o(i.SystemClock_Config)
    i.SystemInit                             0x08000734   Section        0  system_stm32f7xx.o(i.SystemInit)
    i.UsageFault_Handler                     0x08000788   Section        0  stm32f7xx_it.o(i.UsageFault_Handler)
    i.UserButton_Callback                    0x0800078c   Section        0  main.o(i.UserButton_Callback)
    i.UserButton_Init                        0x08000798   Section        0  main.o(i.UserButton_Init)
    i.WaitAndCheckEndOfTransfer              0x08000834   Section        0  main.o(i.WaitAndCheckEndOfTransfer)
    i.WaitForUserButtonPress                 0x0800090c   Section        0  main.o(i.WaitForUserButtonPress)
    i.__NVIC_EnableIRQ                       0x08000950   Section        0  main.o(i.__NVIC_EnableIRQ)
    __NVIC_EnableIRQ                         0x08000951   Thumb Code    26  main.o(i.__NVIC_EnableIRQ)
    i.__NVIC_SetPriority                     0x0800096a   Section        0  main.o(i.__NVIC_SetPriority)
    __NVIC_SetPriority                       0x0800096b   Thumb Code    34  main.o(i.__NVIC_SetPriority)
    i.__scatterload_copy                     0x0800098c   Section       14  handlers.o(i.__scatterload_copy)
    i.__scatterload_null                     0x0800099a   Section        2  handlers.o(i.__scatterload_null)
    i.__scatterload_zeroinit                 0x0800099c   Section       14  handlers.o(i.__scatterload_zeroinit)
    i.main                                   0x080009aa   Section        0  main.o(i.main)
    .data                                    0x20000000   Section       11  main.o(.data)
    .data                                    0x2000000c   Section        4  system_stm32f7xx.o(.data)
    STACK                                    0x20000010   Section     1024  startup_stm32f767xx.o(STACK)

    Global Symbols

    Symbol Name                              Value     Ov Type        Size  Object(Section)

    BuildAttributes$$THM_ISAv4$E$P$D$K$B$S$7EM$VFPv5_D16$PE$PLD8$A:L22UL41UL21$X:L11$S22US41US21$IEEE1$IW$USESV6$~STKCKD$USESV7$~SHL$OSPACE$EBA8$MICROLIB$REQ8$PRES8$EABIv2 0x00000000   Number         0  anon$$obj.o ABSOLUTE
    __ARM_use_no_argv                        0x00000000   Number         0  main.o ABSOLUTE
    __cpp_initialize__aeabi_                  - Undefined Weak Reference
    __cxa_finalize                            - Undefined Weak Reference
    __decompress                              - Undefined Weak Reference
    _clock_init                               - Undefined Weak Reference
    _microlib_exit                            - Undefined Weak Reference
    __Vectors_Size                           0x000001f8   Number         0  startup_stm32f767xx.o ABSOLUTE
    __Vectors                                0x08000000   Data           4  startup_stm32f767xx.o(RESET)
    __Vectors_End                            0x080001f8   Data           0  startup_stm32f767xx.o(RESET)
    __main                                   0x080001f9   Thumb Code     0  entry.o(.ARM.Collect$$$$00000000)
    _main_stk                                0x080001f9   Thumb Code     0  entry2.o(.ARM.Collect$$$$00000001)
    _main_scatterload                        0x080001fd   Thumb Code     0  entry5.o(.ARM.Collect$$$$00000004)
    __main_after_scatterload                 0x08000201   Thumb Code     0  entry5.o(.ARM.Collect$$$$00000004)
    _main_clock                              0x08000201   Thumb Code     0  entry7b.o(.ARM.Collect$$$$00000008)
    _main_cpp_init                           0x08000201   Thumb Code     0  entry8b.o(.ARM.Collect$$$$0000000A)
    _main_init                               0x08000201   Thumb Code     0  entry9a.o(.ARM.Collect$$$$0000000B)
    __rt_final_cpp                           0x08000209   Thumb Code     0  entry10a.o(.ARM.Collect$$$$0000000D)
    __rt_final_exit                          0x08000209   Thumb Code     0  entry11a.o(.ARM.Collect$$$$0000000F)
    Reset_Handler                            0x0800020d   Thumb Code     8  startup_stm32f767xx.o(.text)
    ADC_IRQHandler                           0x08000227   Thumb Code     0  startup_stm32f767xx.o(.text)
    CAN1_RX0_IRQHandler                      0x08000227   Thumb Code     0  startup_stm32f767xx.o(.text)
    CAN1_RX1_IRQHandler                      0x08000227   Thumb Code     0  startup_stm32f767xx.o(.text)
    CAN1_SCE_IRQHandler                      0x08000227   Thumb Code     0  startup_stm32f767xx.o(.text)
    CAN1_TX_IRQHandler                       0x08000227   Thumb Code     0  startup_stm32f767xx.o(.text)
    CAN2_RX0_IRQHandler                      0x08000227   Thumb Code     0  startup_stm32f767xx.o(.text)
    CAN2_RX1_IRQHandler                      0x08000227   Thumb Code     0  startup_stm32f767xx.o(.text)
    CAN2_SCE_IRQHandler                      0x08000227   Thumb Code     0  startup_stm32f767xx.o(.text)
    CAN2_TX_IRQHandler                       0x08000227   Thumb Code     0  startup_stm32f767xx.o(.text)
    CAN3_RX0_IRQHandler                      0x08000227   Thumb Code     0  startup_stm32f767xx.o(.text)
    CAN3_RX1_IRQHandler                      0x08000227   Thumb Code     0  startup_stm32f767xx.o(.text)
    CAN3_SCE_IRQHandler                      0x08000227   Thumb Code     0  startup_stm32f767xx.o(.text)
    CAN3_TX_IRQHandler                       0x08000227   Thumb Code     0  startup_stm32f767xx.o(.text)
    CEC_IRQHandler                           0x08000227   Thumb Code     0  startup_stm32f767xx.o(.text)
    DCMI_IRQHandler                          0x08000227   Thumb Code     0  startup_stm32f767xx.o(.text)
    DFSDM1_FLT0_IRQHandler                   0x08000227   Thumb Code     0  startup_stm32f767xx.o(.text)
    DFSDM1_FLT1_IRQHandler                   0x08000227   Thumb Code     0  startup_stm32f767xx.o(.text)
    DFSDM1_FLT2_IRQHandler                   0x08000227   Thumb Code     0  startup_stm32f767xx.o(.text)
    DFSDM1_FLT3_IRQHandler                   0x08000227   Thumb Code     0  startup_stm32f767xx.o(.text)
    DMA1_Stream0_IRQHandler                  0x08000227   Thumb Code     0  startup_stm32f767xx.o(.text)
    DMA1_Stream1_IRQHandler                  0x08000227   Thumb Code     0  startup_stm32f767xx.o(.text)
    DMA1_Stream2_IRQHandler                  0x08000227   Thumb Code     0  startup_stm32f767xx.o(.text)
    DMA1_Stream3_IRQHandler                  0x08000227   Thumb Code     0  startup_stm32f767xx.o(.text)
    DMA1_Stream4_IRQHandler                  0x08000227   Thumb Code     0  startup_stm32f767xx.o(.text)
    DMA1_Stream5_IRQHandler                  0x08000227   Thumb Code     0  startup_stm32f767xx.o(.text)
    DMA1_Stream6_IRQHandler                  0x08000227   Thumb Code     0  startup_stm32f767xx.o(.text)
    DMA1_Stream7_IRQHandler                  0x08000227   Thumb Code     0  startup_stm32f767xx.o(.text)
    DMA2D_IRQHandler                         0x08000227   Thumb Code     0  startup_stm32f767xx.o(.text)
    DMA2_Stream0_IRQHandler                  0x08000227   Thumb Code     0  startup_stm32f767xx.o(.text)
    DMA2_Stream1_IRQHandler                  0x08000227   Thumb Code     0  startup_stm32f767xx.o(.text)
    DMA2_Stream2_IRQHandler                  0x08000227   Thumb Code     0  startup_stm32f767xx.o(.text)
    DMA2_Stream3_IRQHandler                  0x08000227   Thumb Code     0  startup_stm32f767xx.o(.text)
    DMA2_Stream4_IRQHandler                  0x08000227   Thumb Code     0  startup_stm32f767xx.o(.text)
    DMA2_Stream5_IRQHandler                  0x08000227   Thumb Code     0  startup_stm32f767xx.o(.text)
    DMA2_Stream6_IRQHandler                  0x08000227   Thumb Code     0  startup_stm32f767xx.o(.text)
    DMA2_Stream7_IRQHandler                  0x08000227   Thumb Code     0  startup_stm32f767xx.o(.text)
    ETH_IRQHandler                           0x08000227   Thumb Code     0  startup_stm32f767xx.o(.text)
    ETH_WKUP_IRQHandler                      0x08000227   Thumb Code     0  startup_stm32f767xx.o(.text)
    EXTI0_IRQHandler                         0x08000227   Thumb Code     0  startup_stm32f767xx.o(.text)
    EXTI1_IRQHandler                         0x08000227   Thumb Code     0  startup_stm32f767xx.o(.text)
    EXTI2_IRQHandler                         0x08000227   Thumb Code     0  startup_stm32f767xx.o(.text)
    EXTI3_IRQHandler                         0x08000227   Thumb Code     0  startup_stm32f767xx.o(.text)
    EXTI4_IRQHandler                         0x08000227   Thumb Code     0  startup_stm32f767xx.o(.text)
    EXTI9_5_IRQHandler                       0x08000227   Thumb Code     0  startup_stm32f767xx.o(.text)
    FLASH_IRQHandler                         0x08000227   Thumb Code     0  startup_stm32f767xx.o(.text)
    FMC_IRQHandler                           0x08000227   Thumb Code     0  startup_stm32f767xx.o(.text)
    FPU_IRQHandler                           0x08000227   Thumb Code     0  startup_stm32f767xx.o(.text)
    I2C1_ER_IRQHandler                       0x08000227   Thumb Code     0  startup_stm32f767xx.o(.text)
    I2C1_EV_IRQHandler                       0x08000227   Thumb Code     0  startup_stm32f767xx.o(.text)
    I2C2_ER_IRQHandler                       0x08000227   Thumb Code     0  startup_stm32f767xx.o(.text)
    I2C2_EV_IRQHandler                       0x08000227   Thumb Code     0  startup_stm32f767xx.o(.text)
    I2C3_ER_IRQHandler                       0x08000227   Thumb Code     0  startup_stm32f767xx.o(.text)
    I2C3_EV_IRQHandler                       0x08000227   Thumb Code     0  startup_stm32f767xx.o(.text)
    I2C4_ER_IRQHandler                       0x08000227   Thumb Code     0  startup_stm32f767xx.o(.text)
    I2C4_EV_IRQHandler                       0x08000227   Thumb Code     0  startup_stm32f767xx.o(.text)
    JPEG_IRQHandler                          0x08000227   Thumb Code     0  startup_stm32f767xx.o(.text)
    LPTIM1_IRQHandler                        0x08000227   Thumb Code     0  startup_stm32f767xx.o(.text)
    LTDC_ER_IRQHandler                       0x08000227   Thumb Code     0  startup_stm32f767xx.o(.text)
    LTDC_IRQHandler                          0x08000227   Thumb Code     0  startup_stm32f767xx.o(.text)
    MDIOS_IRQHandler                         0x08000227   Thumb Code     0  startup_stm32f767xx.o(.text)
    OTG_FS_IRQHandler                        0x08000227   Thumb Code     0  startup_stm32f767xx.o(.text)
    OTG_FS_WKUP_IRQHandler                   0x08000227   Thumb Code     0  startup_stm32f767xx.o(.text)
    OTG_HS_EP1_IN_IRQHandler                 0x08000227   Thumb Code     0  startup_stm32f767xx.o(.text)
    OTG_HS_EP1_OUT_IRQHandler                0x08000227   Thumb Code     0  startup_stm32f767xx.o(.text)
    OTG_HS_IRQHandler                        0x08000227   Thumb Code     0  startup_stm32f767xx.o(.text)
    OTG_HS_WKUP_IRQHandler                   0x08000227   Thumb Code     0  startup_stm32f767xx.o(.text)
    PVD_IRQHandler                           0x08000227   Thumb Code     0  startup_stm32f767xx.o(.text)
    QUADSPI_IRQHandler                       0x08000227   Thumb Code     0  startup_stm32f767xx.o(.text)
    RCC_IRQHandler                           0x08000227   Thumb Code     0  startup_stm32f767xx.o(.text)
    RNG_IRQHandler                           0x08000227   Thumb Code     0  startup_stm32f767xx.o(.text)
    RTC_Alarm_IRQHandler                     0x08000227   Thumb Code     0  startup_stm32f767xx.o(.text)
    RTC_WKUP_IRQHandler                      0x08000227   Thumb Code     0  startup_stm32f767xx.o(.text)
    SAI1_IRQHandler                          0x08000227   Thumb Code     0  startup_stm32f767xx.o(.text)
    SAI2_IRQHandler                          0x08000227   Thumb Code     0  startup_stm32f767xx.o(.text)
    SDMMC1_IRQHandler                        0x08000227   Thumb Code     0  startup_stm32f767xx.o(.text)
    SDMMC2_IRQHandler                        0x08000227   Thumb Code     0  startup_stm32f767xx.o(.text)
    SPDIF_RX_IRQHandler                      0x08000227   Thumb Code     0  startup_stm32f767xx.o(.text)
    SPI2_IRQHandler                          0x08000227   Thumb Code     0  startup_stm32f767xx.o(.text)
    SPI3_IRQHandler                          0x08000227   Thumb Code     0  startup_stm32f767xx.o(.text)
    SPI4_IRQHandler                          0x08000227   Thumb Code     0  startup_stm32f767xx.o(.text)
    SPI5_IRQHandler                          0x08000227   Thumb Code     0  startup_stm32f767xx.o(.text)
    SPI6_IRQHandler                          0x08000227   Thumb Code     0  startup_stm32f767xx.o(.text)
    TAMP_STAMP_IRQHandler                    0x08000227   Thumb Code     0  startup_stm32f767xx.o(.text)
    TIM1_BRK_TIM9_IRQHandler                 0x08000227   Thumb Code     0  startup_stm32f767xx.o(.text)
    TIM1_CC_IRQHandler                       0x08000227   Thumb Code     0  startup_stm32f767xx.o(.text)
    TIM1_TRG_COM_TIM11_IRQHandler            0x08000227   Thumb Code     0  startup_stm32f767xx.o(.text)
    TIM1_UP_TIM10_IRQHandler                 0x08000227   Thumb Code     0  startup_stm32f767xx.o(.text)
    TIM2_IRQHandler                          0x08000227   Thumb Code     0  startup_stm32f767xx.o(.text)
    TIM3_IRQHandler                          0x08000227   Thumb Code     0  startup_stm32f767xx.o(.text)
    TIM4_IRQHandler                          0x08000227   Thumb Code     0  startup_stm32f767xx.o(.text)
    TIM5_IRQHandler                          0x08000227   Thumb Code     0  startup_stm32f767xx.o(.text)
    TIM6_DAC_IRQHandler                      0x08000227   Thumb Code     0  startup_stm32f767xx.o(.text)
    TIM7_IRQHandler                          0x08000227   Thumb Code     0  startup_stm32f767xx.o(.text)
    TIM8_BRK_TIM12_IRQHandler                0x08000227   Thumb Code     0  startup_stm32f767xx.o(.text)
    TIM8_CC_IRQHandler                       0x08000227   Thumb Code     0  startup_stm32f767xx.o(.text)
    TIM8_TRG_COM_TIM14_IRQHandler            0x08000227   Thumb Code     0  startup_stm32f767xx.o(.text)
    TIM8_UP_TIM13_IRQHandler                 0x08000227   Thumb Code     0  startup_stm32f767xx.o(.text)
    UART4_IRQHandler                         0x08000227   Thumb Code     0  startup_stm32f767xx.o(.text)
    UART5_IRQHandler                         0x08000227   Thumb Code     0  startup_stm32f767xx.o(.text)
    UART7_IRQHandler                         0x08000227   Thumb Code     0  startup_stm32f767xx.o(.text)
    UART8_IRQHandler                         0x08000227   Thumb Code     0  startup_stm32f767xx.o(.text)
    USART1_IRQHandler                        0x08000227   Thumb Code     0  startup_stm32f767xx.o(.text)
    USART2_IRQHandler                        0x08000227   Thumb Code     0  startup_stm32f767xx.o(.text)
    USART3_IRQHandler                        0x08000227   Thumb Code     0  startup_stm32f767xx.o(.text)
    USART6_IRQHandler                        0x08000227   Thumb Code     0  startup_stm32f767xx.o(.text)
    WWDG_IRQHandler                          0x08000227   Thumb Code     0  startup_stm32f767xx.o(.text)
    __scatterload                            0x08000231   Thumb Code    28  init.o(.text)
    __scatterload_rt2                        0x08000231   Thumb Code     0  init.o(.text)
    Activate_SPI                             0x08000255   Thumb Code    20  main.o(i.Activate_SPI)
    Buffercmp8                               0x0800026d   Thumb Code    30  main.o(i.Buffercmp8)
    BusFault_Handler                         0x0800028b   Thumb Code     2  stm32f7xx_it.o(i.BusFault_Handler)
    Configure_SPI                            0x08000315   Thumb Code   258  main.o(i.Configure_SPI)
    DebugMon_Handler                         0x08000421   Thumb Code     2  stm32f7xx_it.o(i.DebugMon_Handler)
    EXTI15_10_IRQHandler                     0x08000425   Thumb Code    20  stm32f7xx_it.o(i.EXTI15_10_IRQHandler)
    HardFault_Handler                        0x0800043d   Thumb Code     2  stm32f7xx_it.o(i.HardFault_Handler)
    LED_Blinking                             0x08000441   Thumb Code    28  main.o(i.LED_Blinking)
    LED_Init                                 0x08000461   Thumb Code    22  main.o(i.LED_Init)
    LED_Off                                  0x0800047d   Thumb Code    10  main.o(i.LED_Off)
    LL_mDelay                                0x08000555   Thumb Code    30  stm32f7xx_ll_utils.o(i.LL_mDelay)
    MemManage_Handler                        0x08000573   Thumb Code     2  stm32f7xx_it.o(i.MemManage_Handler)
    NMI_Handler                              0x08000575   Thumb Code     2  stm32f7xx_it.o(i.NMI_Handler)
    PendSV_Handler                           0x08000577   Thumb Code     2  stm32f7xx_it.o(i.PendSV_Handler)
    SPI1_IRQHandler                          0x08000579   Thumb Code    42  stm32f7xx_it.o(i.SPI1_IRQHandler)
    SPI1_Rx_Callback                         0x080005a9   Thumb Code    62  main.o(i.SPI1_Rx_Callback)
    SPI1_TransferError_Callback              0x080005f5   Thumb Code    26  main.o(i.SPI1_TransferError_Callback)
    SPI1_Tx_Callback                         0x08000615   Thumb Code    20  main.o(i.SPI1_Tx_Callback)
    SVC_Handler                              0x08000631   Thumb Code     2  stm32f7xx_it.o(i.SVC_Handler)
    SysTick_Handler                          0x08000633   Thumb Code     2  stm32f7xx_it.o(i.SysTick_Handler)
    SystemClock_Config                       0x08000635   Thumb Code   228  main.o(i.SystemClock_Config)
    SystemInit                               0x08000735   Thumb Code    68  system_stm32f7xx.o(i.SystemInit)
    UsageFault_Handler                       0x08000789   Thumb Code     2  stm32f7xx_it.o(i.UsageFault_Handler)
    UserButton_Callback                      0x0800078d   Thumb Code     8  main.o(i.UserButton_Callback)
    UserButton_Init                          0x08000799   Thumb Code   144  main.o(i.UserButton_Init)
    WaitAndCheckEndOfTransfer                0x08000835   Thumb Code   198  main.o(i.WaitAndCheckEndOfTransfer)
    WaitForUserButtonPress                   0x0800090d   Thumb Code    56  main.o(i.WaitForUserButtonPress)
    __scatterload_copy                       0x0800098d   Thumb Code    14  handlers.o(i.__scatterload_copy)
    __scatterload_null                       0x0800099b   Thumb Code     2  handlers.o(i.__scatterload_null)
    __scatterload_zeroinit                   0x0800099d   Thumb Code    14  handlers.o(i.__scatterload_zeroinit)
    main                                     0x080009ab   Thumb Code    34  main.o(i.main)
    Region$$Table$$Base                      0x080009cc   Number         0  anon$$obj.o(Region$$Table)
    Region$$Table$$Limit                     0x080009ec   Number         0  anon$$obj.o(Region$$Table)
    ubButtonPress                            0x20000000   Data           1  main.o(.data)
    ubNbDataToTransmit                       0x20000001   Data           1  main.o(.data)
    ubTransmitIndex                          0x20000002   Data           1  main.o(.data)
    ubNbDataToReceive                        0x20000003   Data           1  main.o(.data)
    ubReceiveIndex                           0x20000004   Data           1  main.o(.data)
    aTxBuffer                                0x20000005   Data           3  main.o(.data)
    aRxBuffer                                0x20000008   Data           3  main.o(.data)
    SystemCoreClock                          0x2000000c   Data           4  system_stm32f7xx.o(.data)
    __initial_sp                             0x20000410   Data           0  startup_stm32f767xx.o(STACK)



==============================================================================

Memory Map of the image

  Image Entry point : 0x080001f9

  Load Region LR_IROM1 (Base: 0x08000000, Size: 0x000009fc, Max: 0x00200000, ABSOLUTE)

    Execution Region ER_IROM1 (Exec base: 0x08000000, Load base: 0x08000000, Size: 0x000009ec, Max: 0x00200000, ABSOLUTE)

    Exec Addr    Load Addr    Size         Type   Attr      Idx    E Section Name        Object

    0x08000000   0x08000000   0x000001f8   Data   RO            3    RESET               startup_stm32f767xx.o
    0x080001f8   0x080001f8   0x00000000   Code   RO          466  * .ARM.Collect$$$$00000000  mc_w.l(entry.o)
    0x080001f8   0x080001f8   0x00000004   Code   RO          469    .ARM.Collect$$$$00000001  mc_w.l(entry2.o)
    0x080001fc   0x080001fc   0x00000004   Code   RO          472    .ARM.Collect$$$$00000004  mc_w.l(entry5.o)
    0x08000200   0x08000200   0x00000000   Code   RO          474    .ARM.Collect$$$$00000008  mc_w.l(entry7b.o)
    0x08000200   0x08000200   0x00000000   Code   RO          476    .ARM.Collect$$$$0000000A  mc_w.l(entry8b.o)
    0x08000200   0x08000200   0x00000008   Code   RO          477    .ARM.Collect$$$$0000000B  mc_w.l(entry9a.o)
    0x08000208   0x08000208   0x00000000   Code   RO          479    .ARM.Collect$$$$0000000D  mc_w.l(entry10a.o)
    0x08000208   0x08000208   0x00000000   Code   RO          481    .ARM.Collect$$$$0000000F  mc_w.l(entry11a.o)
    0x08000208   0x08000208   0x00000004   Code   RO          470    .ARM.Collect$$$$00002712  mc_w.l(entry2.o)
    0x0800020c   0x0800020c   0x00000024   Code   RO            4    .text               startup_stm32f767xx.o
    0x08000230   0x08000230   0x00000024   Code   RO          483    .text               mc_w.l(init.o)
    0x08000254   0x08000254   0x00000018   Code   RO           13    i.Activate_SPI      main.o
    0x0800026c   0x0800026c   0x0000001e   Code   RO           14    i.Buffercmp8        main.o
    0x0800028a   0x0800028a   0x00000002   Code   RO          230    i.BusFault_Handler  stm32f7xx_it.o
    0x0800028c   0x0800028c   0x00000088   Code   RO           15    i.CPU_CACHE_Enable  main.o
    0x08000314   0x08000314   0x0000010c   Code   RO           16    i.Configure_SPI     main.o
    0x08000420   0x08000420   0x00000002   Code   RO          231    i.DebugMon_Handler  stm32f7xx_it.o
    0x08000422   0x08000422   0x00000002   PAD
    0x08000424   0x08000424   0x00000018   Code   RO          232    i.EXTI15_10_IRQHandler  stm32f7xx_it.o
    0x0800043c   0x0800043c   0x00000002   Code   RO          233    i.HardFault_Handler  stm32f7xx_it.o
    0x0800043e   0x0800043e   0x00000002   PAD
    0x08000440   0x08000440   0x00000020   Code   RO           17    i.LED_Blinking      main.o
    0x08000460   0x08000460   0x0000001c   Code   RO           18    i.LED_Init          main.o
    0x0800047c   0x0800047c   0x00000010   Code   RO           19    i.LED_Off           main.o
    0x0800048c   0x0800048c   0x00000018   Code   RO           21    i.LL_AHB1_GRP1_EnableClock  main.o
    0x080004a4   0x080004a4   0x00000018   Code   RO           22    i.LL_APB2_GRP1_EnableClock  main.o
    0x080004bc   0x080004bc   0x00000026   Code   RO           23    i.LL_GPIO_SetAFPin_0_7  main.o
    0x080004e2   0x080004e2   0x00000026   Code   RO           24    i.LL_GPIO_SetPinMode  main.o
    0x08000508   0x08000508   0x00000026   Code   RO           25    i.LL_GPIO_SetPinPull  main.o
    0x0800052e   0x0800052e   0x00000026   Code   RO           26    i.LL_GPIO_SetPinSpeed  main.o
    0x08000554   0x08000554   0x0000001e   Code   RO          351    i.LL_mDelay         stm32f7xx_ll_utils.o
    0x08000572   0x08000572   0x00000002   Code   RO          234    i.MemManage_Handler  stm32f7xx_it.o
    0x08000574   0x08000574   0x00000002   Code   RO          235    i.NMI_Handler       stm32f7xx_it.o
    0x08000576   0x08000576   0x00000002   Code   RO          236    i.PendSV_Handler    stm32f7xx_it.o
    0x08000578   0x08000578   0x00000030   Code   RO          237    i.SPI1_IRQHandler   stm32f7xx_it.o
    0x080005a8   0x080005a8   0x0000004c   Code   RO           27    i.SPI1_Rx_Callback  main.o
    0x080005f4   0x080005f4   0x00000020   Code   RO           28    i.SPI1_TransferError_Callback  main.o
    0x08000614   0x08000614   0x0000001c   Code   RO           29    i.SPI1_Tx_Callback  main.o
    0x08000630   0x08000630   0x00000002   Code   RO          238    i.SVC_Handler       stm32f7xx_it.o
    0x08000632   0x08000632   0x00000002   Code   RO          239    i.SysTick_Handler   stm32f7xx_it.o
    0x08000634   0x08000634   0x00000100   Code   RO           30    i.SystemClock_Config  main.o
    0x08000734   0x08000734   0x00000054   Code   RO          432    i.SystemInit        system_stm32f7xx.o
    0x08000788   0x08000788   0x00000002   Code   RO          240    i.UsageFault_Handler  stm32f7xx_it.o
    0x0800078a   0x0800078a   0x00000002   PAD
    0x0800078c   0x0800078c   0x0000000c   Code   RO           31    i.UserButton_Callback  main.o
    0x08000798   0x08000798   0x0000009c   Code   RO           32    i.UserButton_Init   main.o
    0x08000834   0x08000834   0x000000d8   Code   RO           33    i.WaitAndCheckEndOfTransfer  main.o
    0x0800090c   0x0800090c   0x00000044   Code   RO           34    i.WaitForUserButtonPress  main.o
    0x08000950   0x08000950   0x0000001a   Code   RO           35    i.__NVIC_EnableIRQ  main.o
    0x0800096a   0x0800096a   0x00000022   Code   RO           36    i.__NVIC_SetPriority  main.o
    0x0800098c   0x0800098c   0x0000000e   Code   RO          487    i.__scatterload_copy  mc_w.l(handlers.o)
    0x0800099a   0x0800099a   0x00000002   Code   RO          488    i.__scatterload_null  mc_w.l(handlers.o)
    0x0800099c   0x0800099c   0x0000000e   Code   RO          489    i.__scatterload_zeroinit  mc_w.l(handlers.o)
    0x080009aa   0x080009aa   0x00000022   Code   RO           37    i.main              main.o
    0x080009cc   0x080009cc   0x00000020   Data   RO          485    Region$$Table       anon$$obj.o


    Execution Region RW_IRAM1 (Exec base: 0x20000000, Load base: 0x080009ec, Size: 0x00000410, Max: 0x00080000, ABSOLUTE)

    Exec Addr    Load Addr    Size         Type   Attr      Idx    E Section Name        Object

    0x20000000   0x080009ec   0x0000000b   Data   RW           38    .data               main.o
    0x2000000b   0x080009f7   0x00000001   PAD
    0x2000000c   0x080009f8   0x00000004   Data   RW          435    .data               system_stm32f7xx.o
    0x20000010        -       0x00000400   Zero   RW            1    STACK               startup_stm32f767xx.o


==============================================================================

Image component sizes


      Code (inc. data)   RO Data    RW Data    ZI Data      Debug   Object Name

      1672        152          0         11          0     820615   main.o
        36          8        504          0       1024        872   startup_stm32f767xx.o
        90         10          0          0          0      20747   stm32f7xx_it.o
        30          0          0          0          0       8260   stm32f7xx_ll_utils.o
        84         16          0          4          0       1367   system_stm32f7xx.o

    ----------------------------------------------------------------------
      1918        186        536         16       1024     851861   Object Totals
         0          0         32          0          0          0   (incl. Generated)
         6          0          0          1          0          0   (incl. Padding)

    ----------------------------------------------------------------------

      Code (inc. data)   RO Data    RW Data    ZI Data      Debug   Library Member Name

         0          0          0          0          0          0   entry.o
         0          0          0          0          0          0   entry10a.o
         0          0          0          0          0          0   entry11a.o
         8          4          0          0          0          0   entry2.o
         4          0          0          0          0          0   entry5.o
         0          0          0          0          0          0   entry7b.o
         0          0          0          0          0          0   entry8b.o
         8          4          0          0          0          0   entry9a.o
        30          0          0          0          0          0   handlers.o
        36          8          0          0          0         68   init.o

    ----------------------------------------------------------------------
        86         16          0          0          0         68   Library Totals
         0          0          0          0          0          0   (incl. Padding)

    ----------------------------------------------------------------------

      Code (inc. data)   RO Data    RW Data    ZI Data      Debug   Library Name

        86         16          0          0          0         68   mc_w.l

    ----------------------------------------------------------------------
        86         16          0          0          0         68   Library Totals

    ----------------------------------------------------------------------

==============================================================================


      Code (inc. data)   RO Data    RW Data    ZI Data      Debug   

      2004        202        536         16       1024     848933   Grand Totals
      2004        202        536         16       1024     848933   ELF Image Totals
      2004        202        536         16          0          0   ROM Totals

==============================================================================

    Total RO  Size (Code + RO Data)                 2540 (   2.48kB)
    Total RW  Size (RW Data + ZI Data)              1040 (   1.02kB)
    Total ROM Size (Code + RO Data + RW Data)       2556 (   2.50kB)

==============================================================================

